{"id":"9d74b64e-ba1b-423d-bc52-7785865474b7","name":"Pawsome Pet Hospital","businessTaxId":"987654321","phoneNumber":"(555) 123-4567","shippingAddress":{"street":"742 Whisker Lane","city":"Furrington","state":"CA","postalCode":"90210"},"billingAddress":{"street":"742 Whisker Lane","city":"Furrington","state":"CA","postalCode":"90210"},"sameAddress":true,"hasAnyVendorConnected":false,"onboardingStatus":"DONE"}